Qucs : experimental CLI
used for testing only
This is free software, and you are welcome
to redistribute it under the terms of 
the GNU General Public License, version 3 or later.
See the file "COPYING" for details.
misc plugins: wip
