Qucs : experimental CLI
used for testing only
This is free software, and you are welcome
to redistribute it under the terms of 
the GNU General Public License, version 3 or later.
See the file "COPYING" for details.
misc plugins: wip
legacy plugins: wip
1 writing /home/felix/.qucs/netlist.txt...
1 qucsator -b -g -i /home/felix/.qucs/netlist.txt -o /tmp/qucsator_rABwQM.dat
1 project location: 
modules to load: 0
factorycreate.size() is 0
factorycreate has registered:
parsing netlist...
checking netlist...

1 netlist content

1       1 C instances

1       1 VProbe instances
      1 R instances

1       1 Vrect instances

1       1 TR instances
creating netlist...

1 	00	04
1 	09	14
1 	19
1 	23	28
1 	33
1 	38	42	47
1 	52
1 	57
1 	61
1 	66
1 	71	76	80
1 	85
1 	90
1 	95
1 NOTIFY: TR1: average time-step 5.49451e-06, 36 rejections
NOTIFY: TR1: average NR-iterations 2.1978, 0 non-convergences

module main();
R #(.R(50 Ohm), .Temp(26.85), .Tc1(0.0), .Tc2(0.0), .Tnom(26.85), .Symbol(european)) R1(_net11, _net1);
VProbe #() Pr1(_net1, gnd);
GND #() *(gnd);
GND #() *(gnd);
Vrect #(.U(1 V), .TH(1 ms), .TL(1 ms), .Tr(1 ns), .Tf(1 ns), .Td(0 ns)) V1(_net11, gnd);
GND #() *(gnd);
C #(.C(1u), .V(), .Symbol(neutral)) C1(_net1, gnd);
//TR1
endmodule // main

simqucsator
 TODO qucsator
data from 
<var dep [..] Pr1.Vt
0 0 0
0.0001 0.864835 0
0.0002 0.981822 0
0.0003 0.997556 0
0.0004 0.999671 0
0.0005 0.999956 0
0.0006 0.999994 0
0.0007 0.999999 0
0.0008 1 0
0.0009 1 0
0.001 1 0
0.0011 0.135207 0
0.0012 0.0182803 0
0.0013 0.00247152 0
0.0014 0.000334088 0
0.0015 4.49294e-05 0
0.0016 6.03988e-06 0
0.0017 8.11945e-07 0
0.0018 1.0915e-07 0
0.0019 1.46731e-08 0
0.002 1.97252e-09 0
<var dep [..] V1.It
0 0 0
0.0001 -0.0027033 0
0.0002 -0.000363566 0
0.0003 -4.88744e-05 0
0.0004 -6.57022e-06 0
0.0005 -8.83239e-07 0
0.0006 -1.18734e-07 0
0.0007 -1.59615e-08 0
0.0008 -2.14572e-09 0
0.0009 -2.8845e-10 0
0.001 -3.70916e-11 0
0.0011 0.00270415 0
0.0012 0.000365605 0
0.0013 4.94305e-05 0
0.0014 6.68176e-06 0
0.0015 8.98587e-07 0
0.0016 1.20798e-07 0
0.0017 1.62389e-08 0
0.0018 2.18301e-09 0
0.0019 2.93463e-10 0
0.002 3.94504e-11 0
<var dep [..] _net1.Vt
0 0 0
0.0001 0.864835 0
0.0002 0.981822 0
0.0003 0.997556 0
0.0004 0.999671 0
0.0005 0.999956 0
0.0006 0.999994 0
0.0007 0.999999 0
0.0008 1 0
0.0009 1 0
0.001 1 0
0.0011 0.135207 0
0.0012 0.0182803 0
0.0013 0.00247152 0
0.0014 0.000334088 0
0.0015 4.49294e-05 0
0.0016 6.03988e-06 0
0.0017 8.11945e-07 0
0.0018 1.0915e-07 0
0.0019 1.46731e-08 0
0.002 1.97252e-09 0
<var dep [..] _net11.Vt
0 0 0
0.0001 1 0
0.0002 1 0
0.0003 1 0
0.0004 1 0
0.0005 1 0
0.0006 1 0
0.0007 1 0
0.0008 1 0
0.0009 1 0
0.001 1 0
0.0011 0 0
0.0012 0 0
0.0013 0 0
0.0014 0 0
0.0015 0 0
0.0016 0 0
0.0017 0 0
0.0018 0 0
0.0019 0 0
0.002 0 0
